../Core/Src/main.c:78:5:main	16	static
../Core/Src/main.c:133:6:SystemClock_Config	88	static
../Core/Src/main.c:180:13:MX_ADC1_Init	24	static
../Core/Src/main.c:227:13:MX_USART2_UART_Init	8	static
../Core/Src/main.c:258:13:MX_DMA_Init	16	static
../Core/Src/main.c:276:13:MX_GPIO_Init	40	static
../Core/Src/main.c:313:7:ReadPosition	24	static
../Core/Src/main.c:318:7:ReadVoltage	24	static
../Core/Src/main.c:322:6:CleanADC_VAL	16	static
../Core/Src/main.c:328:6:HAL_ADC_ConvCpltCallback	16	static
../Core/Src/main.c:337:6:Error_Handler	4	static,ignoring_inline_asm
