../Core/Src/main.c:78:5:main	16	static
../Core/Src/main.c:133:6:SystemClock_Config	88	static
../Core/Src/main.c:180:13:MX_ADC1_Init	24	static
../Core/Src/main.c:236:13:MX_USART2_UART_Init	8	static
../Core/Src/main.c:267:13:MX_DMA_Init	16	static
../Core/Src/main.c:285:13:MX_GPIO_Init	40	static
../Core/Src/main.c:322:7:ReadPosition	24	static
../Core/Src/main.c:327:7:ReadVoltage	24	static
../Core/Src/main.c:331:6:CleanADC_VAL	16	static
../Core/Src/main.c:337:6:HAL_ADC_ConvCpltCallback	16	static
../Core/Src/main.c:346:6:Error_Handler	4	static,ignoring_inline_asm
